../Core/Src/main.c:117:8:detect_switch_state	16	static
../Core/Src/main.c:74:5:main	88	static
../Core/Src/main.c:125:8:detect_thumb_curved	16	static
../Core/Src/main.c:134:8:detect_index_curved	16	static
../Core/Src/main.c:143:8:detect_middle_curved	16	static
../Core/Src/main.c:152:8:detect_ring_curved	16	static
../Core/Src/main.c:161:8:detect_little_curved	16	static
../Core/Src/main.c:264:6:SystemClock_Config	96	static
../Core/Src/main.c:315:13:MX_ADC1_Init	32	static
../Core/Src/main.c:419:13:MX_I2C1_Init	8	static
../Core/Src/main.c:467:13:MX_USART2_UART_Init	8	static
../Core/Src/main.c:500:13:MX_DMA_Init	16	static
../Core/Src/main.c:518:13:MX_GPIO_Init	40	static
../Core/Src/main.c:555:1:__io_putchar	16	static
../Core/Src/main.c:568:6:Error_Handler	4	static,ignoring_inline_asm
